2025-07-22 00:47:36,610 - INFO - Logger initialized. Writing detailed log to /home/projects/bagon/andreyg/Projects/Object_reps_neural/Programming/hugging_face/model_experiments/segformer/exp2TTC/logs/ttc_exp_20250722_004736.log
2025-07-22 00:47:36,610 - INFO - VideoProcessor initialized with 2 blobs to detect
2025-07-22 00:47:36,610 - INFO - Blob 1 memory strategy: running_average
2025-07-22 00:47:36,610 - INFO - Blob 1 running average window: 10
2025-07-22 00:47:36,610 - INFO - Blob 1 memory will freeze after frame: 80
2025-07-22 00:47:36,610 - INFO - Vanilla segmentation enabled
2025-07-22 00:47:36,610 - INFO - Initialized TTC Experiment with output dir: /home/projects/bagon/andreyg/Projects/Object_reps_neural/Programming/hugging_face/model_experiments/segformer/exp2TTC
2025-07-22 00:47:36,610 - INFO - TTC-specific configuration:
2025-07-22 00:47:36,610 - INFO -   - Blob 1 memory: running average of past 10 frames
2025-07-22 00:47:36,610 - INFO -   - Blob 1 memory updates stop after frame 80
2025-07-22 00:47:36,610 - INFO - Starting full TTC experiment
2025-07-22 00:47:36,611 - INFO - Found 99 video files to process
2025-07-22 00:47:36,611 - INFO - Reading participant CSV from /home/projects/bagon/andreyg/Projects/Object_reps_neural/Programming/hugging_face/model_experiments/exp2TTC_files/experiment2-CollisionDetection-Data.csv...
2025-07-22 00:47:36,628 - INFO - CSV loaded with 13974 rows and 10 columns.
2025-07-22 00:47:36,628 - INFO - Starting collision detection across videos and IoU thresholds...
2025-07-22 00:47:36,629 - INFO - Processing video: AConcave_FConcave
2025-07-22 00:47:36,638 - INFO - Found 80 existing frames for AConcave_FConcave, attempting to complete processing...
2025-07-22 00:47:36,651 - INFO - VanillaSegmentationSaver initialized with output dir: /home/projects/bagon/andreyg/Projects/Object_reps_neural/Programming/hugging_face/model_experiments/segformer/exp2TTC/processed_videos/segformer_model-AConcave_FConcave/org_segmentation
2025-07-22 00:47:36,651 - INFO - Starting video processing: /home/projects/bagon/andreyg/Projects/Object_reps_neural/Programming/hugging_face/model_experiments/exp2TTC_files/AConcave_FConcave.mp4
2025-07-22 00:47:36,651 - INFO - Reset blob state tracking for new video
2025-07-22 00:47:36,661 - INFO - VanillaSegmentationSaver initialized with output dir: /home/projects/bagon/andreyg/Projects/Object_reps_neural/Programming/hugging_face/model_experiments/segformer/exp2TTC/processed_videos/segformer_model-AConcave_FConcave/org_segmentation
2025-07-22 00:47:36,661 - INFO - Loading model...
2025-07-22 00:47:39,181 - INFO - Video metadata: {'width': 1500, 'height': 400, 'fps': 60.0, 'total_frames': 269, 'duration': 4.483333333333333}
2025-07-22 00:47:39,185 - INFO - Partial processing detected. Last frame: 79
2025-07-22 00:47:39,185 - INFO - Not enough frames for video generation: 80 < 134
2025-07-22 00:47:39,185 - INFO - Not enough frames for video, resuming processing from frame 80
2025-07-22 00:47:41,290 - DEBUG - Saved vanilla segmentation for frame 80
2025-07-22 00:47:42,772 - DEBUG - Frame 80: Blob 1 memory frozen, not updating
2025-07-22 00:47:42,773 - WARNING - Frame 80: No frozen mask stored for blob 1
2025-07-22 00:47:43,045 - INFO - Processed frame 80/269
2025-07-22 00:47:44,719 - DEBUG - Saved vanilla segmentation for frame 81
2025-07-22 00:47:46,047 - DEBUG - Frame 81: Blob 1 memory frozen, not updating
2025-07-22 00:47:46,058 - WARNING - Frame 81: No frozen mask stored for blob 1
2025-07-22 00:47:48,132 - DEBUG - Saved vanilla segmentation for frame 82
2025-07-22 00:47:49,435 - DEBUG - Frame 82: Blob 1 memory frozen, not updating
2025-07-22 00:47:49,445 - WARNING - Frame 82: No frozen mask stored for blob 1
2025-07-22 00:47:51,442 - DEBUG - Saved vanilla segmentation for frame 83
2025-07-22 00:47:52,937 - DEBUG - Frame 83: Blob 1 memory frozen, not updating
2025-07-22 00:47:52,946 - WARNING - Frame 83: No frozen mask stored for blob 1
2025-07-22 00:47:54,808 - DEBUG - Saved vanilla segmentation for frame 84
2025-07-22 00:47:56,101 - DEBUG - Frame 84: Blob 1 memory frozen, not updating
2025-07-22 00:47:56,112 - WARNING - Frame 84: No frozen mask stored for blob 1
2025-07-22 00:47:58,036 - DEBUG - Saved vanilla segmentation for frame 85
2025-07-22 00:47:59,582 - DEBUG - Frame 85: Blob 1 memory frozen, not updating
2025-07-22 00:47:59,592 - WARNING - Frame 85: No frozen mask stored for blob 1
2025-07-22 00:48:01,439 - DEBUG - Saved vanilla segmentation for frame 86
2025-07-22 00:48:02,749 - DEBUG - Frame 86: Blob 1 memory frozen, not updating
2025-07-22 00:48:02,758 - WARNING - Frame 86: No frozen mask stored for blob 1
2025-07-22 00:48:04,701 - DEBUG - Saved vanilla segmentation for frame 87
2025-07-22 00:48:06,242 - DEBUG - Frame 87: Blob 1 memory frozen, not updating
2025-07-22 00:48:06,251 - WARNING - Frame 87: No frozen mask stored for blob 1
2025-07-22 00:48:08,075 - DEBUG - Saved vanilla segmentation for frame 88
2025-07-22 00:48:09,369 - DEBUG - Frame 88: Blob 1 memory frozen, not updating
2025-07-22 00:48:09,378 - WARNING - Frame 88: No frozen mask stored for blob 1
2025-07-22 00:48:11,234 - DEBUG - Saved vanilla segmentation for frame 89
2025-07-22 00:48:12,767 - DEBUG - Frame 89: Blob 1 memory frozen, not updating
2025-07-22 00:48:12,777 - WARNING - Frame 89: No frozen mask stored for blob 1
2025-07-22 00:48:14,643 - DEBUG - Saved vanilla segmentation for frame 90
2025-07-22 00:48:15,946 - DEBUG - Frame 90: Blob 1 memory frozen, not updating
2025-07-22 00:48:15,956 - WARNING - Frame 90: No frozen mask stored for blob 1
2025-07-22 00:48:16,448 - INFO - Processed frame 90/269
2025-07-22 00:48:18,087 - DEBUG - Saved vanilla segmentation for frame 91
2025-07-22 00:48:19,403 - DEBUG - Frame 91: Blob 1 memory frozen, not updating
2025-07-22 00:48:19,413 - WARNING - Frame 91: No frozen mask stored for blob 1
2025-07-22 00:48:21,289 - DEBUG - Saved vanilla segmentation for frame 92
2025-07-22 00:48:22,827 - DEBUG - Frame 92: Blob 1 memory frozen, not updating
2025-07-22 00:48:22,838 - WARNING - Frame 92: No frozen mask stored for blob 1
2025-07-22 00:48:24,677 - DEBUG - Saved vanilla segmentation for frame 93
2025-07-22 00:48:26,062 - DEBUG - Frame 93: Blob 1 memory frozen, not updating
2025-07-22 00:48:26,073 - WARNING - Frame 93: No frozen mask stored for blob 1
2025-07-22 00:48:28,279 - DEBUG - Saved vanilla segmentation for frame 94
2025-07-22 00:48:29,840 - DEBUG - Frame 94: Blob 1 memory frozen, not updating
2025-07-22 00:48:29,851 - WARNING - Frame 94: No frozen mask stored for blob 1
2025-07-22 00:48:31,707 - DEBUG - Saved vanilla segmentation for frame 95
2025-07-22 00:48:33,002 - DEBUG - Frame 95: Blob 1 memory frozen, not updating
2025-07-22 00:48:33,012 - WARNING - Frame 95: No frozen mask stored for blob 1
2025-07-22 00:48:34,954 - DEBUG - Saved vanilla segmentation for frame 96
2025-07-22 00:48:36,511 - DEBUG - Frame 96: Blob 1 memory frozen, not updating
2025-07-22 00:48:36,521 - WARNING - Frame 96: No frozen mask stored for blob 1
2025-07-22 00:48:38,427 - DEBUG - Saved vanilla segmentation for frame 97
2025-07-22 00:48:39,733 - DEBUG - Frame 97: Blob 1 memory frozen, not updating
2025-07-22 00:48:39,744 - WARNING - Frame 97: No frozen mask stored for blob 1
2025-07-22 00:48:41,946 - DEBUG - Saved vanilla segmentation for frame 98
2025-07-22 00:48:43,234 - DEBUG - Frame 98: Blob 1 memory frozen, not updating
2025-07-22 00:48:43,246 - WARNING - Frame 98: No frozen mask stored for blob 1
