2025-07-22 02:17:51,951 - INFO - Logger initialized. Writing detailed log to /home/projects/bagon/andreyg/Projects/Object_reps_neural/Programming/hugging_face/model_experiments/segformer/exp2TTC/logs/ttc_exp_20250722_021751.log
2025-07-22 02:17:51,951 - INFO - VideoProcessor initialized with 2 blobs to detect
2025-07-22 02:17:51,951 - INFO - Blob 1 memory strategy: running_average
2025-07-22 02:17:51,951 - INFO - Blob 1 running average window: 10
2025-07-22 02:17:51,951 - INFO - Blob 1 memory will freeze after frame: 80
2025-07-22 02:17:51,951 - INFO - Vanilla segmentation enabled
2025-07-22 02:17:51,951 - INFO - Initialized TTC Experiment with output dir: /home/projects/bagon/andreyg/Projects/Object_reps_neural/Programming/hugging_face/model_experiments/segformer/exp2TTC
2025-07-22 02:17:51,951 - INFO - TTC-specific configuration:
2025-07-22 02:17:51,951 - INFO -   - Blob 1 memory: running average of past 10 frames
2025-07-22 02:17:51,951 - INFO -   - Blob 1 memory updates stop after frame 80
2025-07-22 02:17:51,951 - INFO - Starting full TTC experiment
2025-07-22 02:17:51,952 - INFO - Found 99 video files to process
2025-07-22 02:17:51,952 - INFO - Reading participant CSV from /home/projects/bagon/andreyg/Projects/Object_reps_neural/Programming/hugging_face/model_experiments/exp2TTC_files/experiment2-CollisionDetection-Data.csv...
2025-07-22 02:17:51,970 - INFO - CSV loaded with 13974 rows and 10 columns.
2025-07-22 02:17:51,970 - INFO - Starting collision detection across videos and IoU thresholds...
2025-07-22 02:17:51,971 - INFO - Processing video: AConcave_FConcave
2025-07-22 02:17:51,972 - INFO - Found 66 existing frames for AConcave_FConcave, attempting to complete processing...
2025-07-22 02:17:51,980 - INFO - VanillaSegmentationSaver initialized with output dir: /home/projects/bagon/andreyg/Projects/Object_reps_neural/Programming/hugging_face/model_experiments/segformer/exp2TTC/processed_videos/segformer_model-AConcave_FConcave/org_segmentation
2025-07-22 02:17:51,980 - INFO - Starting video processing: /home/projects/bagon/andreyg/Projects/Object_reps_neural/Programming/hugging_face/model_experiments/exp2TTC_files/AConcave_FConcave.mp4
2025-07-22 02:17:51,980 - INFO - Reset blob state tracking for new video
2025-07-22 02:17:51,985 - INFO - VanillaSegmentationSaver initialized with output dir: /home/projects/bagon/andreyg/Projects/Object_reps_neural/Programming/hugging_face/model_experiments/segformer/exp2TTC/processed_videos/segformer_model-AConcave_FConcave/org_segmentation
2025-07-22 02:17:51,985 - INFO - Loading model...
2025-07-22 02:17:54,229 - INFO - Video metadata: {'width': 1500, 'height': 400, 'fps': 60.0, 'total_frames': 269, 'duration': 4.483333333333333}
2025-07-22 02:17:54,231 - INFO - Partial processing detected. Last frame: 65
2025-07-22 02:17:54,231 - INFO - Not enough frames for video generation: 66 < 134
2025-07-22 02:17:54,231 - INFO - Not enough frames for video, resuming processing from frame 66
2025-07-22 02:17:59,919 - DEBUG - Saved vanilla segmentation for frame 66
2025-07-22 02:18:01,489 - DEBUG - Frame 66: Updated blob 1 memory with running average of 1 masks
2025-07-22 02:18:06,777 - DEBUG - Saved vanilla segmentation for frame 67
2025-07-22 02:18:08,105 - DEBUG - Frame 67: Updated blob 1 memory with running average of 2 masks
2025-07-22 02:18:12,890 - DEBUG - Saved vanilla segmentation for frame 68
2025-07-22 02:18:14,414 - DEBUG - Frame 68: Updated blob 1 memory with running average of 3 masks
2025-07-22 02:18:17,770 - DEBUG - Saved vanilla segmentation for frame 69
2025-07-22 02:18:19,450 - DEBUG - Frame 69: Updated blob 1 memory with running average of 4 masks
2025-07-22 02:18:23,046 - DEBUG - Saved vanilla segmentation for frame 70
2025-07-22 02:18:24,415 - DEBUG - Frame 70: Updated blob 1 memory with running average of 5 masks
2025-07-22 02:18:24,744 - INFO - Processed frame 70/269
2025-07-22 02:18:27,662 - DEBUG - Saved vanilla segmentation for frame 71
2025-07-22 02:18:29,256 - DEBUG - Frame 71: Updated blob 1 memory with running average of 6 masks
2025-07-22 02:18:31,167 - DEBUG - Saved vanilla segmentation for frame 72
2025-07-22 02:18:32,530 - DEBUG - Frame 72: Updated blob 1 memory with running average of 7 masks
2025-07-22 02:18:34,611 - DEBUG - Saved vanilla segmentation for frame 73
2025-07-22 02:18:36,224 - DEBUG - Frame 73: Updated blob 1 memory with running average of 8 masks
2025-07-22 02:18:38,170 - DEBUG - Saved vanilla segmentation for frame 74
2025-07-22 02:18:39,556 - DEBUG - Frame 74: Updated blob 1 memory with running average of 9 masks
2025-07-22 02:18:41,588 - DEBUG - Saved vanilla segmentation for frame 75
2025-07-22 02:18:43,181 - DEBUG - Frame 75: Updated blob 1 memory with running average of 10 masks
2025-07-22 02:18:45,195 - DEBUG - Saved vanilla segmentation for frame 76
2025-07-22 02:18:46,595 - DEBUG - Frame 76: Updated blob 1 memory with running average of 10 masks
2025-07-22 02:18:48,747 - DEBUG - Saved vanilla segmentation for frame 77
2025-07-22 02:18:50,127 - DEBUG - Frame 77: Updated blob 1 memory with running average of 10 masks
2025-07-22 02:18:52,083 - DEBUG - Saved vanilla segmentation for frame 78
2025-07-22 02:18:53,682 - DEBUG - Frame 78: Updated blob 1 memory with running average of 10 masks
2025-07-22 02:18:55,640 - DEBUG - Saved vanilla segmentation for frame 79
2025-07-22 02:18:57,024 - DEBUG - Frame 79: Updated blob 1 memory with running average of 10 masks
2025-07-22 02:18:57,045 - INFO - Frame 79: Saved blob 1 memory mask to be frozen at /home/projects/bagon/andreyg/Projects/Object_reps_neural/Programming/hugging_face/model_experiments/segformer/exp2TTC/processed_videos/segformer_model-AConcave_FConcave/frames_masks/mask_memory_blob_1_frame_000079.png
2025-07-22 02:18:58,993 - DEBUG - Saved vanilla segmentation for frame 80
2025-07-22 02:19:00,604 - DEBUG - Frame 80: Blob 1 memory frozen, not updating
2025-07-22 02:19:00,608 - DEBUG - Using frozen mask for blob 1 at frame 80
2025-07-22 02:19:00,626 - DEBUG - Frame 80: Reused frozen blob 1 memory mask
2025-07-22 02:19:00,690 - WARNING - Failed to complete partial processing for AConcave_FConcave: arrays used as indices must be of integer (or boolean) type
2025-07-22 02:19:00,690 - INFO - Will attempt full reprocessing for AConcave_FConcave
2025-07-22 02:19:00,691 - INFO - Starting full processing for AConcave_FConcave
2025-07-22 02:19:00,691 - INFO - Starting video processing: /home/projects/bagon/andreyg/Projects/Object_reps_neural/Programming/hugging_face/model_experiments/exp2TTC_files/AConcave_FConcave.mp4
2025-07-22 02:19:00,691 - INFO - Reset blob state tracking for new video
2025-07-22 02:19:00,699 - INFO - VanillaSegmentationSaver initialized with output dir: /home/projects/bagon/andreyg/Projects/Object_reps_neural/Programming/hugging_face/model_experiments/segformer/exp2TTC/processed_videos/segformer_model-AConcave_FConcave/org_segmentation
2025-07-22 02:19:00,835 - INFO - Video metadata: {'width': 1500, 'height': 400, 'fps': 60.0, 'total_frames': 269, 'duration': 4.483333333333333}
2025-07-22 02:19:00,840 - INFO - Starting processing from beginning
2025-07-22 02:19:01,898 - DEBUG - Saved vanilla segmentation for frame 0
2025-07-22 02:19:01,927 - INFO - Processed frame 0/269
2025-07-22 02:19:02,897 - DEBUG - Saved vanilla segmentation for frame 1
2025-07-22 02:19:03,900 - DEBUG - Saved vanilla segmentation for frame 2
2025-07-22 02:19:04,894 - DEBUG - Saved vanilla segmentation for frame 3
2025-07-22 02:19:05,882 - DEBUG - Saved vanilla segmentation for frame 4
2025-07-22 02:19:06,872 - DEBUG - Saved vanilla segmentation for frame 5
2025-07-22 02:19:07,861 - DEBUG - Saved vanilla segmentation for frame 6
2025-07-22 02:19:09,170 - DEBUG - Saved vanilla segmentation for frame 7
2025-07-22 02:19:10,147 - DEBUG - Saved vanilla segmentation for frame 8
2025-07-22 02:19:11,140 - DEBUG - Saved vanilla segmentation for frame 9
2025-07-22 02:19:12,168 - DEBUG - Saved vanilla segmentation for frame 10
2025-07-22 02:19:12,193 - INFO - Processed frame 10/269
2025-07-22 02:19:13,157 - DEBUG - Saved vanilla segmentation for frame 11
2025-07-22 02:19:14,137 - DEBUG - Saved vanilla segmentation for frame 12
2025-07-22 02:19:15,835 - DEBUG - Saved vanilla segmentation for frame 13
2025-07-22 02:19:15,914 - DEBUG - Frame 13: Updated blob 1 memory with running average of 1 masks
2025-07-22 02:19:17,873 - DEBUG - Saved vanilla segmentation for frame 14
2025-07-22 02:19:17,949 - DEBUG - Frame 14: Updated blob 1 memory with running average of 2 masks
2025-07-22 02:19:19,980 - DEBUG - Saved vanilla segmentation for frame 15
2025-07-22 02:19:20,060 - DEBUG - Frame 15: Updated blob 1 memory with running average of 3 masks
2025-07-22 02:19:22,262 - DEBUG - Saved vanilla segmentation for frame 16
2025-07-22 02:19:22,348 - DEBUG - Frame 16: Updated blob 1 memory with running average of 4 masks
2025-07-22 02:19:24,309 - DEBUG - Saved vanilla segmentation for frame 17
2025-07-22 02:19:24,390 - DEBUG - Frame 17: Updated blob 1 memory with running average of 5 masks
2025-07-22 02:19:26,364 - DEBUG - Saved vanilla segmentation for frame 18
2025-07-22 02:19:26,445 - DEBUG - Frame 18: Updated blob 1 memory with running average of 6 masks
2025-07-22 02:19:28,413 - DEBUG - Saved vanilla segmentation for frame 19
2025-07-22 02:19:28,494 - DEBUG - Frame 19: Updated blob 1 memory with running average of 7 masks
2025-07-22 02:19:30,475 - DEBUG - Saved vanilla segmentation for frame 20
2025-07-22 02:19:30,556 - DEBUG - Frame 20: Updated blob 1 memory with running average of 8 masks
2025-07-22 02:19:30,887 - INFO - Processed frame 20/269
2025-07-22 02:19:32,523 - DEBUG - Saved vanilla segmentation for frame 21
2025-07-22 02:19:32,605 - DEBUG - Frame 21: Updated blob 1 memory with running average of 9 masks
2025-07-22 02:19:34,848 - DEBUG - Saved vanilla segmentation for frame 22
2025-07-22 02:19:34,930 - DEBUG - Frame 22: Updated blob 1 memory with running average of 10 masks
2025-07-22 02:19:37,189 - DEBUG - Saved vanilla segmentation for frame 23
2025-07-22 02:19:37,272 - DEBUG - Frame 23: Updated blob 1 memory with running average of 10 masks
2025-07-22 02:19:39,217 - DEBUG - Saved vanilla segmentation for frame 24
2025-07-22 02:19:39,300 - DEBUG - Frame 24: Updated blob 1 memory with running average of 10 masks
2025-07-22 02:19:41,306 - DEBUG - Saved vanilla segmentation for frame 25
2025-07-22 02:19:41,388 - DEBUG - Frame 25: Updated blob 1 memory with running average of 10 masks
2025-07-22 02:19:43,346 - DEBUG - Saved vanilla segmentation for frame 26
2025-07-22 02:19:43,430 - DEBUG - Frame 26: Updated blob 1 memory with running average of 10 masks
2025-07-22 02:19:45,388 - DEBUG - Saved vanilla segmentation for frame 27
2025-07-22 02:19:45,474 - DEBUG - Frame 27: Updated blob 1 memory with running average of 10 masks
2025-07-22 02:19:47,672 - DEBUG - Saved vanilla segmentation for frame 28
2025-07-22 02:19:47,759 - DEBUG - Frame 28: Updated blob 1 memory with running average of 10 masks
2025-07-22 02:19:49,741 - DEBUG - Saved vanilla segmentation for frame 29
2025-07-22 02:19:49,827 - DEBUG - Frame 29: Updated blob 1 memory with running average of 10 masks
2025-07-22 02:19:51,828 - DEBUG - Saved vanilla segmentation for frame 30
2025-07-22 02:19:53,211 - DEBUG - Frame 30: Updated blob 1 memory with running average of 10 masks
2025-07-22 02:19:53,539 - INFO - Processed frame 30/269
2025-07-22 02:19:55,250 - DEBUG - Saved vanilla segmentation for frame 31
2025-07-22 02:19:56,849 - DEBUG - Frame 31: Updated blob 1 memory with running average of 10 masks
2025-07-22 02:19:58,796 - DEBUG - Saved vanilla segmentation for frame 32
2025-07-22 02:20:00,155 - DEBUG - Frame 32: Updated blob 1 memory with running average of 10 masks
2025-07-22 02:20:02,483 - DEBUG - Saved vanilla segmentation for frame 33
2025-07-22 02:20:03,870 - DEBUG - Frame 33: Updated blob 1 memory with running average of 10 masks
2025-07-22 02:20:05,845 - DEBUG - Saved vanilla segmentation for frame 34
2025-07-22 02:20:07,435 - DEBUG - Frame 34: Updated blob 1 memory with running average of 10 masks
2025-07-22 02:20:09,379 - DEBUG - Saved vanilla segmentation for frame 35
2025-07-22 02:20:10,752 - DEBUG - Frame 35: Updated blob 1 memory with running average of 10 masks
2025-07-22 02:20:12,717 - DEBUG - Saved vanilla segmentation for frame 36
2025-07-22 02:20:14,347 - DEBUG - Frame 36: Updated blob 1 memory with running average of 10 masks
2025-07-22 02:20:16,280 - DEBUG - Saved vanilla segmentation for frame 37
2025-07-22 02:20:17,666 - DEBUG - Frame 37: Updated blob 1 memory with running average of 10 masks
2025-07-22 02:20:19,642 - DEBUG - Saved vanilla segmentation for frame 38
2025-07-22 02:20:21,252 - DEBUG - Frame 38: Updated blob 1 memory with running average of 10 masks
2025-07-22 02:20:23,424 - DEBUG - Saved vanilla segmentation for frame 39
2025-07-22 02:20:24,798 - DEBUG - Frame 39: Updated blob 1 memory with running average of 10 masks
2025-07-22 02:20:26,766 - DEBUG - Saved vanilla segmentation for frame 40
2025-07-22 02:20:28,362 - DEBUG - Frame 40: Updated blob 1 memory with running average of 10 masks
2025-07-22 02:20:28,692 - INFO - Processed frame 40/269
2025-07-22 02:20:30,306 - DEBUG - Saved vanilla segmentation for frame 41
2025-07-22 02:20:31,669 - DEBUG - Frame 41: Updated blob 1 memory with running average of 10 masks
2025-07-22 02:20:33,786 - DEBUG - Saved vanilla segmentation for frame 42
2025-07-22 02:20:35,376 - DEBUG - Frame 42: Updated blob 1 memory with running average of 10 masks
2025-07-22 02:20:37,469 - DEBUG - Saved vanilla segmentation for frame 43
2025-07-22 02:20:38,828 - DEBUG - Frame 43: Updated blob 1 memory with running average of 10 masks
2025-07-22 02:20:41,065 - DEBUG - Saved vanilla segmentation for frame 44
2025-07-22 02:20:42,434 - DEBUG - Frame 44: Updated blob 1 memory with running average of 10 masks
2025-07-22 02:20:44,380 - DEBUG - Saved vanilla segmentation for frame 45
2025-07-22 02:20:45,962 - DEBUG - Frame 45: Updated blob 1 memory with running average of 10 masks
2025-07-22 02:20:47,861 - DEBUG - Saved vanilla segmentation for frame 46
2025-07-22 02:20:49,200 - DEBUG - Frame 46: Updated blob 1 memory with running average of 10 masks
2025-07-22 02:20:51,116 - DEBUG - Saved vanilla segmentation for frame 47
2025-07-22 02:20:52,684 - DEBUG - Frame 47: Updated blob 1 memory with running average of 10 masks
2025-07-22 02:20:54,630 - DEBUG - Saved vanilla segmentation for frame 48
2025-07-22 02:20:55,951 - DEBUG - Frame 48: Updated blob 1 memory with running average of 10 masks
2025-07-22 02:20:57,872 - DEBUG - Saved vanilla segmentation for frame 49
2025-07-22 02:20:59,458 - DEBUG - Frame 49: Updated blob 1 memory with running average of 10 masks
2025-07-22 02:21:01,431 - DEBUG - Saved vanilla segmentation for frame 50
2025-07-22 02:21:02,771 - DEBUG - Frame 50: Updated blob 1 memory with running average of 10 masks
2025-07-22 02:21:03,097 - INFO - Processed frame 50/269
2025-07-22 02:21:04,705 - DEBUG - Saved vanilla segmentation for frame 51
2025-07-22 02:21:06,290 - DEBUG - Frame 51: Updated blob 1 memory with running average of 10 masks
2025-07-22 02:21:08,186 - DEBUG - Saved vanilla segmentation for frame 52
2025-07-22 02:21:09,518 - DEBUG - Frame 52: Updated blob 1 memory with running average of 10 masks
2025-07-22 02:21:11,442 - DEBUG - Saved vanilla segmentation for frame 53
2025-07-22 02:21:13,020 - DEBUG - Frame 53: Updated blob 1 memory with running average of 10 masks
2025-07-22 02:21:14,901 - DEBUG - Saved vanilla segmentation for frame 54
2025-07-22 02:21:16,220 - DEBUG - Frame 54: Updated blob 1 memory with running average of 10 masks
2025-07-22 02:21:18,402 - DEBUG - Saved vanilla segmentation for frame 55
2025-07-22 02:21:19,741 - DEBUG - Frame 55: Updated blob 1 memory with running average of 10 masks
2025-07-22 02:21:21,648 - DEBUG - Saved vanilla segmentation for frame 56
2025-07-22 02:21:23,182 - DEBUG - Frame 56: Updated blob 1 memory with running average of 10 masks
2025-07-22 02:21:25,138 - DEBUG - Saved vanilla segmentation for frame 57
2025-07-22 02:21:26,475 - DEBUG - Frame 57: Updated blob 1 memory with running average of 10 masks
2025-07-22 02:21:28,400 - DEBUG - Saved vanilla segmentation for frame 58
2025-07-22 02:21:29,974 - DEBUG - Frame 58: Updated blob 1 memory with running average of 10 masks
2025-07-22 02:21:31,885 - DEBUG - Saved vanilla segmentation for frame 59
2025-07-22 02:21:33,234 - DEBUG - Frame 59: Updated blob 1 memory with running average of 10 masks
2025-07-22 02:21:35,262 - DEBUG - Saved vanilla segmentation for frame 60
2025-07-22 02:21:36,817 - DEBUG - Frame 60: Updated blob 1 memory with running average of 10 masks
2025-07-22 02:21:37,138 - INFO - Processed frame 60/269
2025-07-22 02:21:38,811 - DEBUG - Saved vanilla segmentation for frame 61
2025-07-22 02:21:40,147 - DEBUG - Frame 61: Updated blob 1 memory with running average of 10 masks
2025-07-22 02:21:42,066 - DEBUG - Saved vanilla segmentation for frame 62
2025-07-22 02:21:43,628 - DEBUG - Frame 62: Updated blob 1 memory with running average of 10 masks
2025-07-22 02:21:45,600 - DEBUG - Saved vanilla segmentation for frame 63
2025-07-22 02:21:46,924 - DEBUG - Frame 63: Updated blob 1 memory with running average of 10 masks
2025-07-22 02:21:48,825 - DEBUG - Saved vanilla segmentation for frame 64
2025-07-22 02:21:50,394 - DEBUG - Frame 64: Updated blob 1 memory with running average of 10 masks
2025-07-22 02:21:52,332 - DEBUG - Saved vanilla segmentation for frame 65
2025-07-22 02:21:53,675 - DEBUG - Frame 65: Updated blob 1 memory with running average of 10 masks
2025-07-22 02:21:55,575 - DEBUG - Saved vanilla segmentation for frame 66
2025-07-22 02:21:57,137 - DEBUG - Frame 66: Updated blob 1 memory with running average of 10 masks
2025-07-22 02:21:59,013 - DEBUG - Saved vanilla segmentation for frame 67
2025-07-22 02:22:00,336 - DEBUG - Frame 67: Updated blob 1 memory with running average of 10 masks
2025-07-22 02:22:02,574 - DEBUG - Saved vanilla segmentation for frame 68
2025-07-22 02:22:03,915 - DEBUG - Frame 68: Updated blob 1 memory with running average of 10 masks
2025-07-22 02:22:06,499 - DEBUG - Saved vanilla segmentation for frame 69
2025-07-22 02:22:08,022 - DEBUG - Frame 69: Updated blob 1 memory with running average of 10 masks
2025-07-22 02:22:09,883 - DEBUG - Saved vanilla segmentation for frame 70
2025-07-22 02:22:11,193 - DEBUG - Frame 70: Updated blob 1 memory with running average of 10 masks
2025-07-22 02:22:11,504 - INFO - Processed frame 70/269
2025-07-22 02:22:13,262 - DEBUG - Saved vanilla segmentation for frame 71
2025-07-22 02:22:14,823 - DEBUG - Frame 71: Updated blob 1 memory with running average of 10 masks
2025-07-22 02:22:16,740 - DEBUG - Saved vanilla segmentation for frame 72
2025-07-22 02:22:18,111 - DEBUG - Frame 72: Updated blob 1 memory with running average of 10 masks
2025-07-22 02:22:19,999 - DEBUG - Saved vanilla segmentation for frame 73
2025-07-22 02:22:21,564 - DEBUG - Frame 73: Updated blob 1 memory with running average of 10 masks
2025-07-22 02:22:23,436 - DEBUG - Saved vanilla segmentation for frame 74
2025-07-22 02:22:24,746 - DEBUG - Frame 74: Updated blob 1 memory with running average of 10 masks
2025-07-22 02:22:26,706 - DEBUG - Saved vanilla segmentation for frame 75
2025-07-22 02:22:28,279 - DEBUG - Frame 75: Updated blob 1 memory with running average of 10 masks
2025-07-22 02:22:30,155 - DEBUG - Saved vanilla segmentation for frame 76
2025-07-22 02:22:31,473 - DEBUG - Frame 76: Updated blob 1 memory with running average of 10 masks
2025-07-22 02:22:33,358 - DEBUG - Saved vanilla segmentation for frame 77
2025-07-22 02:22:34,937 - DEBUG - Frame 77: Updated blob 1 memory with running average of 10 masks
2025-07-22 02:22:37,533 - DEBUG - Saved vanilla segmentation for frame 78
2025-07-22 02:22:38,854 - DEBUG - Frame 78: Updated blob 1 memory with running average of 10 masks
2025-07-22 02:22:41,000 - DEBUG - Saved vanilla segmentation for frame 79
2025-07-22 02:22:42,313 - DEBUG - Frame 79: Updated blob 1 memory with running average of 10 masks
2025-07-22 02:22:42,330 - INFO - Frame 79: Saved blob 1 memory mask to be frozen at /home/projects/bagon/andreyg/Projects/Object_reps_neural/Programming/hugging_face/model_experiments/segformer/exp2TTC/processed_videos/segformer_model-AConcave_FConcave/frames_masks/mask_memory_blob_1_frame_000079.png
2025-07-22 02:22:44,189 - DEBUG - Saved vanilla segmentation for frame 80
2025-07-22 02:22:45,708 - DEBUG - Frame 80: Blob 1 memory frozen, not updating
2025-07-22 02:22:45,712 - DEBUG - Using frozen mask for blob 1 at frame 80
2025-07-22 02:22:45,727 - DEBUG - Frame 80: Reused frozen blob 1 memory mask
