2025-07-21 07:51:23,051 - INFO - Logger initialized. Writing detailed log to /home/projects/bagon/andreyg/Projects/Object_reps_neural/Programming/hugging_face/model_experiments/segformer/exp2TTC/logs/ttc_exp_20250721_075123.log
2025-07-21 07:51:23,051 - INFO - VideoProcessor initialized with 2 blobs to detect
2025-07-21 07:51:23,051 - INFO - Blob 1 memory strategy: running_average
2025-07-21 07:51:23,051 - INFO - Blob 1 running average window: 10
2025-07-21 07:51:23,051 - INFO - Blob 1 memory will freeze after frame: 80
2025-07-21 07:51:23,051 - INFO - Vanilla segmentation enabled
2025-07-21 07:51:23,051 - INFO - Initialized TTC Experiment with output dir: /home/projects/bagon/andreyg/Projects/Object_reps_neural/Programming/hugging_face/model_experiments/segformer/exp2TTC
2025-07-21 07:51:23,051 - INFO - TTC-specific configuration:
2025-07-21 07:51:23,051 - INFO -   - Blob 1 memory: running average of past 10 frames
2025-07-21 07:51:23,051 - INFO -   - Blob 1 memory updates stop after frame 80
2025-07-21 07:51:23,051 - INFO - Starting full TTC experiment
2025-07-21 07:51:23,052 - INFO - Found 99 video files to process
2025-07-21 07:51:23,052 - INFO - Reading participant CSV from /home/projects/bagon/andreyg/Projects/Object_reps_neural/Programming/hugging_face/model_experiments/exp2TTC_files/experiment2-CollisionDetection-Data.csv...
2025-07-21 07:51:23,069 - INFO - CSV loaded with 13974 rows and 10 columns.
2025-07-21 07:51:23,069 - INFO - Starting collision detection across videos and IoU thresholds...
2025-07-21 07:51:23,070 - INFO - Processing video: AConcave_FConcave
2025-07-21 07:51:23,071 - INFO - Starting full processing for AConcave_FConcave
2025-07-21 07:51:23,071 - INFO - Starting video processing: /home/projects/bagon/andreyg/Projects/Object_reps_neural/Programming/hugging_face/model_experiments/exp2TTC_files/AConcave_FConcave.mp4
2025-07-21 07:51:23,071 - INFO - Reset blob state tracking for new video
2025-07-21 07:51:23,092 - INFO - VanillaSegmentationSaver initialized with output dir: /home/projects/bagon/andreyg/Projects/Object_reps_neural/Programming/hugging_face/model_experiments/segformer/exp2TTC/processed_videos/segformer_model-AConcave_FConcave/org_segmentation
2025-07-21 07:51:23,092 - INFO - Loading model...
