2025-07-27 15:05:48,567 - INFO - Logger initialized. Writing detailed log to /home/projects/bagon/andreyg/Projects/Object_reps_neural/Programming/hugging_face/model_experiments/maskrcnn/exp2TTC_maskrcnn_resnet50_fpn/logs/ttc_exp_20250727_150548.log
2025-07-27 15:05:48,567 - INFO - VideoProcessor initialized with 2 blobs to detect
2025-07-27 15:05:48,567 - INFO - Blob 1 memory strategy: running_average
2025-07-27 15:05:48,567 - INFO - Blob 1 running average window: 10
2025-07-27 15:05:48,567 - INFO - Blob 1 memory will freeze after frame: 80
2025-07-27 15:05:48,567 - INFO - Vanilla segmentation enabled
2025-07-27 15:05:48,567 - INFO - Initialized TTC Experiment with output dir: /home/projects/bagon/andreyg/Projects/Object_reps_neural/Programming/hugging_face/model_experiments/maskrcnn/exp2TTC_maskrcnn_resnet50_fpn
2025-07-27 15:05:48,567 - INFO - Model prefix: maskrcnn_model
2025-07-27 15:05:48,568 - INFO - Debug mode: False
2025-07-27 15:05:48,568 - INFO - TTC-specific configuration:
2025-07-27 15:05:48,568 - INFO -   - Blob 1 memory: running average of past 10 frames
2025-07-27 15:05:48,568 - INFO -   - Blob 1 memory updates stop after frame 80
2025-07-27 15:05:48,568 - INFO - Starting full TTC experiment
2025-07-27 15:05:48,571 - INFO - Found 99 video files to process
2025-07-27 15:05:48,571 - INFO - Reading participant CSV from /home/projects/bagon/andreyg/Projects/Object_reps_neural/Programming/hugging_face/model_experiments/exp2TTC_files/experiment2-CollisionDetection-Data.csv...
2025-07-27 15:05:48,591 - INFO - CSV loaded with 13974 rows and 10 columns.
2025-07-27 15:05:48,591 - INFO - Reading name mapping from /home/projects/bagon/andreyg/Projects/Object_reps_neural/Programming/hugging_face/model_experiments/exp2TTC_files/name_mapping.json...
2025-07-27 15:05:48,592 - INFO - Loaded name mapping with 96 entries.
2025-07-27 15:05:48,592 - INFO - Starting collision detection across videos and IoU thresholds...
2025-07-27 15:05:48,594 - INFO - Processing video: AConcave_FConcave
2025-07-27 15:05:48,596 - INFO - Found 1 existing frames for AConcave_FConcave, attempting to complete processing...
2025-07-27 15:05:48,604 - INFO - VanillaSegmentationSaver initialized with output dir: /home/projects/bagon/andreyg/Projects/Object_reps_neural/Programming/hugging_face/model_experiments/maskrcnn/exp2TTC_maskrcnn_resnet50_fpn/processed_videos/maskrcnn_model-AConcave_FConcave/org_segmentation
2025-07-27 15:05:48,604 - INFO - Starting video processing: /home/projects/bagon/andreyg/Projects/Object_reps_neural/Programming/hugging_face/model_experiments/exp2TTC_files/AConcave_FConcave.mp4
2025-07-27 15:05:48,604 - INFO - Reset blob state tracking for new video
2025-07-27 15:05:48,610 - INFO - VanillaSegmentationSaver initialized with output dir: /home/projects/bagon/andreyg/Projects/Object_reps_neural/Programming/hugging_face/model_experiments/maskrcnn/exp2TTC_maskrcnn_resnet50_fpn/processed_videos/maskrcnn_model-AConcave_FConcave/org_segmentation
2025-07-27 15:05:48,611 - INFO - Loading model...
2025-07-27 15:05:50,113 - INFO - Video metadata: {'width': 1500, 'height': 400, 'fps': 60.0, 'total_frames': 269, 'duration': 4.483333333333333}
2025-07-27 15:05:50,115 - INFO - Partial processing detected. Last frame: 0
2025-07-27 15:05:50,116 - INFO - Not enough frames for video generation: 1 < 134
2025-07-27 15:05:50,116 - INFO - Not enough frames for video, resuming processing from frame 1
