2025-07-27 18:43:40,331 - INFO - Logger initialized. Writing detailed log to /home/projects/bagon/andreyg/Projects/Object_reps_neural/Programming/hugging_face/model_experiments/maskrcnn/exp2TTC_maskrcnn_resnet50_fpn/logs/ttc_exp_20250727_184340.log
2025-07-27 18:43:40,331 - INFO - VideoProcessor initialized with 2 blobs to detect
2025-07-27 18:43:40,331 - INFO - Blob 1 memory strategy: running_average
2025-07-27 18:43:40,331 - INFO - Blob 1 running average window: 10
2025-07-27 18:43:40,332 - INFO - Blob 1 memory will freeze after frame: 80
2025-07-27 18:43:40,332 - INFO - Vanilla segmentation enabled
2025-07-27 18:43:40,332 - INFO - Initialized TTC Experiment with output dir: /home/projects/bagon/andreyg/Projects/Object_reps_neural/Programming/hugging_face/model_experiments/maskrcnn/exp2TTC_maskrcnn_resnet50_fpn
2025-07-27 18:43:40,332 - INFO - Model prefix: maskrcnn_model
2025-07-27 18:43:40,332 - INFO - Debug mode: False
2025-07-27 18:43:40,332 - INFO - TTC-specific configuration:
2025-07-27 18:43:40,332 - INFO -   - Blob 1 memory: running average of past 10 frames
2025-07-27 18:43:40,332 - INFO -   - Blob 1 memory updates stop after frame 80
2025-07-27 18:43:40,332 - INFO - Starting full TTC experiment
2025-07-27 18:43:40,335 - INFO - Found 99 video files to process
2025-07-27 18:43:40,335 - INFO - Reading participant CSV from /home/projects/bagon/andreyg/Projects/Object_reps_neural/Programming/hugging_face/model_experiments/exp2TTC_files/experiment2-CollisionDetection-Data.csv...
2025-07-27 18:43:40,355 - INFO - CSV loaded with 13974 rows and 10 columns.
2025-07-27 18:43:40,355 - INFO - Reading name mapping from /home/projects/bagon/andreyg/Projects/Object_reps_neural/Programming/hugging_face/model_experiments/exp2TTC_files/name_mapping.json...
2025-07-27 18:43:40,356 - INFO - Loaded name mapping with 96 entries.
2025-07-27 18:43:40,356 - INFO - Starting collision detection across videos and IoU thresholds...
2025-07-27 18:43:40,358 - INFO - Processing video: AConcave_FConcave
2025-07-27 18:43:40,359 - INFO - Found 93 existing frames for AConcave_FConcave, attempting to complete processing...
2025-07-27 18:43:40,365 - INFO - VanillaSegmentationSaver initialized with output dir: /home/projects/bagon/andreyg/Projects/Object_reps_neural/Programming/hugging_face/model_experiments/maskrcnn/exp2TTC_maskrcnn_resnet50_fpn/processed_videos/maskrcnn_model-AConcave_FConcave/org_segmentation
2025-07-27 18:43:40,365 - INFO - Starting video processing: /home/projects/bagon/andreyg/Projects/Object_reps_neural/Programming/hugging_face/model_experiments/exp2TTC_files/AConcave_FConcave.mp4
2025-07-27 18:43:40,366 - INFO - Reset blob state tracking for new video
2025-07-27 18:43:40,370 - INFO - VanillaSegmentationSaver initialized with output dir: /home/projects/bagon/andreyg/Projects/Object_reps_neural/Programming/hugging_face/model_experiments/maskrcnn/exp2TTC_maskrcnn_resnet50_fpn/processed_videos/maskrcnn_model-AConcave_FConcave/org_segmentation
2025-07-27 18:43:40,370 - INFO - Loading model...
2025-07-27 18:43:43,309 - INFO - Video metadata: {'width': 1500, 'height': 400, 'fps': 60.0, 'total_frames': 269, 'duration': 4.483333333333333}
2025-07-27 18:43:43,311 - INFO - Partial processing detected. Last frame: 92
2025-07-27 18:43:43,311 - INFO - Not enough frames for video generation: 93 < 134
2025-07-27 18:43:43,311 - INFO - Not enough frames for video, resuming processing from frame 93
