2025-07-27 12:40:32,026 - INFO - Logger initialized. Writing detailed log to /home/projects/bagon/andreyg/Projects/Object_reps_neural/Programming/hugging_face/model_experiments/detr/exp2TTC_detr-resnet-50-panoptic/logs/ttc_exp_20250727_124032.log
2025-07-27 12:40:32,026 - INFO - VideoProcessor initialized with 2 blobs to detect
2025-07-27 12:40:32,026 - INFO - Blob 1 memory strategy: running_average
2025-07-27 12:40:32,026 - INFO - Blob 1 running average window: 10
2025-07-27 12:40:32,026 - INFO - Blob 1 memory will freeze after frame: 80
2025-07-27 12:40:32,026 - INFO - Vanilla segmentation enabled
2025-07-27 12:40:32,027 - INFO - DEBUG MODE enabled: exceptions will not be caught to show full tracebacks
2025-07-27 12:40:32,027 - INFO - Initialized TTC Experiment with output dir: /home/projects/bagon/andreyg/Projects/Object_reps_neural/Programming/hugging_face/model_experiments/detr/exp2TTC_detr-resnet-50-panoptic
2025-07-27 12:40:32,027 - INFO - Model prefix: detr_model
2025-07-27 12:40:32,027 - INFO - Debug mode: True
2025-07-27 12:40:32,027 - INFO - TTC-specific configuration:
2025-07-27 12:40:32,027 - INFO -   - Blob 1 memory: running average of past 10 frames
2025-07-27 12:40:32,027 - INFO -   - Blob 1 memory updates stop after frame 80
2025-07-27 12:40:32,027 - INFO - Starting full TTC experiment
2025-07-27 12:40:32,030 - INFO - Found 99 video files to process
2025-07-27 12:40:32,030 - INFO - Reading participant CSV from /home/projects/bagon/andreyg/Projects/Object_reps_neural/Programming/hugging_face/model_experiments/exp2TTC_files/experiment2-CollisionDetection-Data.csv...
2025-07-27 12:40:32,049 - INFO - CSV loaded with 13974 rows and 10 columns.
2025-07-27 12:40:32,049 - INFO - Reading name mapping from /home/projects/bagon/andreyg/Projects/Object_reps_neural/Programming/hugging_face/model_experiments/exp2TTC_files/name_mapping.json...
2025-07-27 12:40:32,050 - INFO - Loaded name mapping with 96 entries.
2025-07-27 12:40:32,050 - INFO - Starting collision detection across videos and IoU thresholds...
2025-07-27 12:40:32,052 - INFO - Processing video: AConcave_FConcave
2025-07-27 12:40:32,061 - INFO - Starting full processing for AConcave_FConcave
2025-07-27 12:40:32,061 - INFO - Starting video processing: /home/projects/bagon/andreyg/Projects/Object_reps_neural/Programming/hugging_face/model_experiments/exp2TTC_files/AConcave_FConcave.mp4
2025-07-27 12:40:32,061 - INFO - Reset blob state tracking for new video
2025-07-27 12:40:32,082 - INFO - VanillaSegmentationSaver initialized with output dir: /home/projects/bagon/andreyg/Projects/Object_reps_neural/Programming/hugging_face/model_experiments/detr/exp2TTC_detr-resnet-50-panoptic/processed_videos/detr_model-AConcave_FConcave/org_segmentation
2025-07-27 12:40:32,083 - INFO - Loading model...
2025-07-27 12:40:43,284 - INFO - Video metadata: {'width': 1500, 'height': 400, 'fps': 60.0, 'total_frames': 269, 'duration': 4.483333333333333}
2025-07-27 12:40:43,288 - INFO - Starting processing from beginning
2025-07-27 12:41:34,526 - DEBUG - Saved vanilla segmentation for frame 0
2025-07-27 12:41:34,551 - INFO - Processed frame 0/269
