2025-07-27 14:22:39,139 - INFO - Logger initialized. Writing detailed log to /home/projects/bagon/andreyg/Projects/Object_reps_neural/Programming/hugging_face/model_experiments/detr/exp2TTC_detr-resnet-50-panoptic/logs/ttc_exp_20250727_142239.log
2025-07-27 14:22:39,139 - INFO - VideoProcessor initialized with 2 blobs to detect
2025-07-27 14:22:39,139 - INFO - Blob 1 memory strategy: running_average
2025-07-27 14:22:39,139 - INFO - Blob 1 running average window: 10
2025-07-27 14:22:39,139 - INFO - Blob 1 memory will freeze after frame: 80
2025-07-27 14:22:39,139 - INFO - Vanilla segmentation enabled
2025-07-27 14:22:39,139 - INFO - DEBUG MODE enabled: exceptions will not be caught to show full tracebacks
2025-07-27 14:22:39,140 - INFO - Initialized TTC Experiment with output dir: /home/projects/bagon/andreyg/Projects/Object_reps_neural/Programming/hugging_face/model_experiments/detr/exp2TTC_detr-resnet-50-panoptic
2025-07-27 14:22:39,140 - INFO - Model prefix: detr_model
2025-07-27 14:22:39,140 - INFO - Debug mode: True
2025-07-27 14:22:39,140 - INFO - TTC-specific configuration:
2025-07-27 14:22:39,140 - INFO -   - Blob 1 memory: running average of past 10 frames
2025-07-27 14:22:39,140 - INFO -   - Blob 1 memory updates stop after frame 80
2025-07-27 14:22:39,140 - INFO - Starting full TTC experiment
2025-07-27 14:22:39,142 - INFO - Found 99 video files to process
2025-07-27 14:22:39,143 - INFO - Reading participant CSV from /home/projects/bagon/andreyg/Projects/Object_reps_neural/Programming/hugging_face/model_experiments/exp2TTC_files/experiment2-CollisionDetection-Data.csv...
2025-07-27 14:22:39,163 - INFO - CSV loaded with 13974 rows and 10 columns.
2025-07-27 14:22:39,163 - INFO - Reading name mapping from /home/projects/bagon/andreyg/Projects/Object_reps_neural/Programming/hugging_face/model_experiments/exp2TTC_files/name_mapping.json...
2025-07-27 14:22:39,163 - INFO - Loaded name mapping with 96 entries.
2025-07-27 14:22:39,163 - INFO - Starting collision detection across videos and IoU thresholds...
2025-07-27 14:22:39,166 - INFO - Processing video: AConcave_FConcave
2025-07-27 14:22:39,166 - INFO - Video AConcave_FConcave already processed (found detr_model-AConcave_FConcave.mp4), skipping video processing...
2025-07-27 14:22:39,173 - INFO - VanillaSegmentationSaver initialized with output dir: /home/projects/bagon/andreyg/Projects/Object_reps_neural/Programming/hugging_face/model_experiments/detr/exp2TTC_detr-resnet-50-panoptic/processed_videos/detr_model-AConcave_FConcave/org_segmentation
2025-07-27 14:22:39,173 - INFO - Computing collision data for AConcave_FConcave
2025-07-27 14:22:39,189 - INFO - Found 466 mask files
2025-07-27 14:22:41,108 - INFO - Found 233 frames with valid blob data
2025-07-27 14:22:41,350 - DEBUG - Collision time for AConcave_FConcave at IoU 0.05: 3150.00ms
2025-07-27 14:22:41,629 - DEBUG - Collision time for AConcave_FConcave at IoU 0.1: 3650.00ms
2025-07-27 14:22:41,936 - DEBUG - Collision time for AConcave_FConcave at IoU 0.15: 3650.00ms
2025-07-27 14:22:42,238 - DEBUG - Collision time for AConcave_FConcave at IoU 0.2: 3650.00ms
2025-07-27 14:22:42,520 - DEBUG - Collision time for AConcave_FConcave at IoU 0.25: 3650.00ms
2025-07-27 14:22:42,820 - DEBUG - Collision time for AConcave_FConcave at IoU 0.3: 3650.00ms
2025-07-27 14:22:43,125 - DEBUG - Collision time for AConcave_FConcave at IoU 0.35: 3650.00ms
2025-07-27 14:22:43,404 - DEBUG - Collision time for AConcave_FConcave at IoU 0.4: 3650.00ms
2025-07-27 14:22:43,685 - DEBUG - Collision time for AConcave_FConcave at IoU 0.45: 3650.00ms
2025-07-27 14:22:43,962 - DEBUG - Collision time for AConcave_FConcave at IoU 0.5: 3650.00ms
2025-07-27 14:22:44,242 - DEBUG - Collision time for AConcave_FConcave at IoU 0.55: 3650.00ms
2025-07-27 14:22:44,520 - DEBUG - Collision time for AConcave_FConcave at IoU 0.6: 3650.00ms
2025-07-27 14:22:44,795 - DEBUG - Collision time for AConcave_FConcave at IoU 0.65: 3650.00ms
2025-07-27 14:22:45,071 - DEBUG - Collision time for AConcave_FConcave at IoU 0.7: 3650.00ms
2025-07-27 14:22:45,345 - DEBUG - Collision time for AConcave_FConcave at IoU 0.75: 3650.00ms
2025-07-27 14:22:45,653 - DEBUG - No collision detected for AConcave_FConcave at IoU 0.8
2025-07-27 14:22:45,958 - DEBUG - No collision detected for AConcave_FConcave at IoU 0.85
2025-07-27 14:22:46,265 - DEBUG - No collision detected for AConcave_FConcave at IoU 0.9
2025-07-27 14:22:46,571 - DEBUG - No collision detected for AConcave_FConcave at IoU 0.95
2025-07-27 14:22:46,613 - DEBUG - Loaded collision time for AConcave_FConcave at IoU 0.05: 3150.0
2025-07-27 14:22:46,614 - DEBUG - Loaded collision time for AConcave_FConcave at IoU 0.1: 3650.0
2025-07-27 14:22:46,616 - DEBUG - Loaded collision time for AConcave_FConcave at IoU 0.15: 3650.0
2025-07-27 14:22:46,617 - DEBUG - Loaded collision time for AConcave_FConcave at IoU 0.2: 3650.0
2025-07-27 14:22:46,618 - DEBUG - Loaded collision time for AConcave_FConcave at IoU 0.25: 3650.0
2025-07-27 14:22:46,620 - DEBUG - Loaded collision time for AConcave_FConcave at IoU 0.3: 3650.0
2025-07-27 14:22:46,621 - DEBUG - Loaded collision time for AConcave_FConcave at IoU 0.35: 3650.0
2025-07-27 14:22:46,622 - DEBUG - Loaded collision time for AConcave_FConcave at IoU 0.4: 3650.0
2025-07-27 14:22:46,623 - DEBUG - Loaded collision time for AConcave_FConcave at IoU 0.45: 3650.0
2025-07-27 14:22:46,624 - DEBUG - Loaded collision time for AConcave_FConcave at IoU 0.5: 3650.0
2025-07-27 14:22:46,625 - DEBUG - Loaded collision time for AConcave_FConcave at IoU 0.55: 3650.0
2025-07-27 14:22:46,627 - DEBUG - Loaded collision time for AConcave_FConcave at IoU 0.6: 3650.0
2025-07-27 14:22:46,628 - DEBUG - Loaded collision time for AConcave_FConcave at IoU 0.65: 3650.0
2025-07-27 14:22:46,628 - DEBUG - Loaded collision time for AConcave_FConcave at IoU 0.7: 3650.0
2025-07-27 14:22:46,629 - DEBUG - Loaded collision time for AConcave_FConcave at IoU 0.75: 3650.0
2025-07-27 14:22:46,631 - DEBUG - Loaded collision time for AConcave_FConcave at IoU 0.8: nan
2025-07-27 14:22:46,632 - DEBUG - Loaded collision time for AConcave_FConcave at IoU 0.85: nan
2025-07-27 14:22:46,633 - DEBUG - Loaded collision time for AConcave_FConcave at IoU 0.9: nan
2025-07-27 14:22:46,634 - DEBUG - Loaded collision time for AConcave_FConcave at IoU 0.95: nan
2025-07-27 14:22:46,634 - INFO - Processing video: BConcave+AConcave+3500
2025-07-27 14:22:46,635 - INFO - Starting full processing for BConcave+AConcave+3500
2025-07-27 14:22:46,635 - INFO - Starting video processing: /home/projects/bagon/andreyg/Projects/Object_reps_neural/Programming/hugging_face/model_experiments/exp2TTC_files/BConcave+AConcave+3500.mp4
2025-07-27 14:22:46,635 - INFO - Reset blob state tracking for new video
2025-07-27 14:22:46,655 - INFO - VanillaSegmentationSaver initialized with output dir: /home/projects/bagon/andreyg/Projects/Object_reps_neural/Programming/hugging_face/model_experiments/detr/exp2TTC_detr-resnet-50-panoptic/processed_videos/detr_model-BConcave+AConcave+3500/org_segmentation
2025-07-27 14:22:46,656 - INFO - Loading model...
2025-07-27 14:22:50,122 - INFO - Video metadata: {'width': 1500, 'height': 400, 'fps': 60.0, 'total_frames': 329, 'duration': 5.483333333333333}
2025-07-27 14:22:50,127 - INFO - Starting processing from beginning
2025-07-27 14:22:51,542 - DEBUG - Saved vanilla segmentation for frame 0
2025-07-27 14:22:51,566 - INFO - Processed frame 0/329
2025-07-27 14:22:52,371 - DEBUG - Saved vanilla segmentation for frame 1
2025-07-27 14:22:53,196 - DEBUG - Saved vanilla segmentation for frame 2
2025-07-27 14:22:54,018 - DEBUG - Saved vanilla segmentation for frame 3
2025-07-27 14:22:55,162 - DEBUG - Saved vanilla segmentation for frame 4
2025-07-27 14:22:55,975 - DEBUG - Saved vanilla segmentation for frame 5
2025-07-27 14:22:56,780 - DEBUG - Saved vanilla segmentation for frame 6
2025-07-27 14:22:57,653 - DEBUG - Saved vanilla segmentation for frame 7
2025-07-27 14:22:58,474 - DEBUG - Saved vanilla segmentation for frame 8
2025-07-27 14:22:59,297 - DEBUG - Saved vanilla segmentation for frame 9
2025-07-27 14:23:00,121 - DEBUG - Saved vanilla segmentation for frame 10
2025-07-27 14:23:00,141 - INFO - Processed frame 10/329
2025-07-27 14:23:00,956 - DEBUG - Saved vanilla segmentation for frame 11
2025-07-27 14:23:01,783 - DEBUG - Saved vanilla segmentation for frame 12
2025-07-27 14:23:03,363 - DEBUG - Saved vanilla segmentation for frame 13
2025-07-27 14:23:05,819 - DEBUG - Saved vanilla segmentation for frame 14
2025-07-27 14:23:08,472 - DEBUG - Saved vanilla segmentation for frame 15
2025-07-27 14:23:10,888 - DEBUG - Saved vanilla segmentation for frame 16
2025-07-27 14:23:13,353 - DEBUG - Saved vanilla segmentation for frame 17
2025-07-27 14:23:15,797 - DEBUG - Saved vanilla segmentation for frame 18
2025-07-27 14:23:18,243 - DEBUG - Saved vanilla segmentation for frame 19
2025-07-27 14:23:20,707 - DEBUG - Saved vanilla segmentation for frame 20
2025-07-27 14:23:21,726 - INFO - Processed frame 20/329
2025-07-27 14:23:23,372 - DEBUG - Saved vanilla segmentation for frame 21
2025-07-27 14:23:25,830 - DEBUG - Saved vanilla segmentation for frame 22
2025-07-27 14:23:28,266 - DEBUG - Saved vanilla segmentation for frame 23
2025-07-27 14:23:30,712 - DEBUG - Saved vanilla segmentation for frame 24
2025-07-27 14:23:33,175 - DEBUG - Saved vanilla segmentation for frame 25
2025-07-27 14:23:35,622 - DEBUG - Saved vanilla segmentation for frame 26
2025-07-27 14:23:38,323 - DEBUG - Saved vanilla segmentation for frame 27
2025-07-27 14:23:40,784 - DEBUG - Saved vanilla segmentation for frame 28
2025-07-27 14:23:43,273 - DEBUG - Saved vanilla segmentation for frame 29
2025-07-27 14:23:45,718 - DEBUG - Saved vanilla segmentation for frame 30
2025-07-27 14:23:48,880 - INFO - Processed frame 30/329
2025-07-27 14:23:50,296 - DEBUG - Saved vanilla segmentation for frame 31
2025-07-27 14:23:55,109 - DEBUG - Saved vanilla segmentation for frame 32
2025-07-27 14:23:59,865 - DEBUG - Saved vanilla segmentation for frame 33
2025-07-27 14:24:04,405 - DEBUG - Saved vanilla segmentation for frame 34
2025-07-27 14:24:09,202 - DEBUG - Saved vanilla segmentation for frame 35
2025-07-27 14:24:13,794 - DEBUG - Saved vanilla segmentation for frame 36
2025-07-27 14:24:18,592 - DEBUG - Saved vanilla segmentation for frame 37
2025-07-27 14:24:23,180 - DEBUG - Saved vanilla segmentation for frame 38
2025-07-27 14:24:27,993 - DEBUG - Saved vanilla segmentation for frame 39
