2025-07-26 01:01:52,530 - INFO - Logger initialized. Writing detailed log to /home/projects/bagon/andreyg/Projects/Object_reps_neural/Programming/hugging_face/model_experiments/segformer/exp2TTC_segformer-b1-finetuned-ade-512-512/logs/ttc_exp_20250726_010152.log
2025-07-26 01:01:52,530 - INFO - VideoProcessor initialized with 2 blobs to detect
2025-07-26 01:01:52,530 - INFO - Blob 1 memory strategy: running_average
2025-07-26 01:01:52,530 - INFO - Blob 1 running average window: 10
2025-07-26 01:01:52,530 - INFO - Blob 1 memory will freeze after frame: 80
2025-07-26 01:01:52,530 - INFO - Vanilla segmentation enabled
2025-07-26 01:01:52,530 - INFO - Initialized TTC Experiment with output dir: /home/projects/bagon/andreyg/Projects/Object_reps_neural/Programming/hugging_face/model_experiments/segformer/exp2TTC_segformer-b1-finetuned-ade-512-512
2025-07-26 01:01:52,530 - INFO - TTC-specific configuration:
2025-07-26 01:01:52,530 - INFO -   - Blob 1 memory: running average of past 10 frames
2025-07-26 01:01:52,530 - INFO -   - Blob 1 memory updates stop after frame 80
2025-07-26 01:01:52,530 - INFO - Starting full TTC experiment
2025-07-26 01:01:52,533 - INFO - Found 99 video files to process
2025-07-26 01:01:52,533 - INFO - Reading participant CSV from /home/projects/bagon/andreyg/Projects/Object_reps_neural/Programming/hugging_face/model_experiments/exp2TTC_files/experiment2-CollisionDetection-Data.csv...
2025-07-26 01:01:52,550 - INFO - CSV loaded with 13974 rows and 10 columns.
2025-07-26 01:01:52,550 - INFO - Starting collision detection across videos and IoU thresholds...
2025-07-26 01:01:52,551 - INFO - Processing video: AConcave_FConcave
2025-07-26 01:01:52,551 - INFO - Starting full processing for AConcave_FConcave
2025-07-26 01:01:52,552 - INFO - Starting video processing: /home/projects/bagon/andreyg/Projects/Object_reps_neural/Programming/hugging_face/model_experiments/exp2TTC_files/AConcave_FConcave.mp4
2025-07-26 01:01:52,552 - INFO - Reset blob state tracking for new video
2025-07-26 01:01:52,570 - INFO - VanillaSegmentationSaver initialized with output dir: /home/projects/bagon/andreyg/Projects/Object_reps_neural/Programming/hugging_face/model_experiments/segformer/exp2TTC_segformer-b1-finetuned-ade-512-512/processed_videos/segformer_model-AConcave_FConcave/org_segmentation
2025-07-26 01:01:52,570 - INFO - Loading model...
2025-07-26 01:01:55,027 - INFO - Video metadata: {'width': 1500, 'height': 400, 'fps': 60.0, 'total_frames': 269, 'duration': 4.483333333333333}
2025-07-26 01:01:55,030 - INFO - Starting processing from beginning
2025-07-26 01:01:59,547 - DEBUG - Saved vanilla segmentation for frame 0
2025-07-26 01:01:59,572 - INFO - Processed frame 0/269
2025-07-26 01:02:02,026 - DEBUG - Saved vanilla segmentation for frame 1
2025-07-26 01:02:05,931 - DEBUG - Saved vanilla segmentation for frame 2
2025-07-26 01:02:08,640 - DEBUG - Saved vanilla segmentation for frame 3
2025-07-26 01:02:09,827 - DEBUG - Saved vanilla segmentation for frame 4
2025-07-26 01:02:10,951 - DEBUG - Saved vanilla segmentation for frame 5
2025-07-26 01:02:14,879 - DEBUG - Saved vanilla segmentation for frame 6
2025-07-26 01:02:16,307 - DEBUG - Saved vanilla segmentation for frame 7
2025-07-26 01:02:17,337 - DEBUG - Saved vanilla segmentation for frame 8
2025-07-26 01:02:20,825 - DEBUG - Saved vanilla segmentation for frame 9
2025-07-26 01:02:22,979 - DEBUG - Saved vanilla segmentation for frame 10
2025-07-26 01:02:22,999 - INFO - Processed frame 10/269
2025-07-26 01:02:26,499 - DEBUG - Saved vanilla segmentation for frame 11
2025-07-26 01:02:27,929 - DEBUG - Saved vanilla segmentation for frame 12
2025-07-26 01:02:31,273 - DEBUG - Saved vanilla segmentation for frame 13
2025-07-26 01:02:33,518 - DEBUG - Saved vanilla segmentation for frame 14
2025-07-26 01:02:36,013 - DEBUG - Saved vanilla segmentation for frame 15
2025-07-26 01:02:38,225 - DEBUG - Saved vanilla segmentation for frame 16
2025-07-26 01:02:40,306 - DEBUG - Saved vanilla segmentation for frame 17
2025-07-26 01:02:42,667 - DEBUG - Saved vanilla segmentation for frame 18
2025-07-26 01:02:45,316 - DEBUG - Saved vanilla segmentation for frame 19
2025-07-26 01:02:47,870 - DEBUG - Saved vanilla segmentation for frame 20
2025-07-26 01:02:48,294 - INFO - Processed frame 20/269
2025-07-26 01:02:52,077 - DEBUG - Saved vanilla segmentation for frame 21
2025-07-26 01:02:54,462 - DEBUG - Saved vanilla segmentation for frame 22
2025-07-26 01:02:56,674 - DEBUG - Saved vanilla segmentation for frame 23
2025-07-26 01:03:02,241 - DEBUG - Saved vanilla segmentation for frame 24
2025-07-26 01:03:05,994 - DEBUG - Saved vanilla segmentation for frame 25
2025-07-26 01:03:08,337 - DEBUG - Saved vanilla segmentation for frame 26
2025-07-26 01:03:12,703 - DEBUG - Saved vanilla segmentation for frame 27
2025-07-26 01:03:16,267 - DEBUG - Saved vanilla segmentation for frame 28
2025-07-26 01:03:22,084 - DEBUG - Saved vanilla segmentation for frame 29
2025-07-26 01:03:27,293 - DEBUG - Saved vanilla segmentation for frame 30
2025-07-26 01:03:29,504 - INFO - Processed frame 30/269
2025-07-26 01:03:35,331 - DEBUG - Saved vanilla segmentation for frame 31
2025-07-26 01:03:45,110 - DEBUG - Saved vanilla segmentation for frame 32
2025-07-26 01:03:55,274 - DEBUG - Saved vanilla segmentation for frame 33
2025-07-26 01:04:04,251 - DEBUG - Saved vanilla segmentation for frame 34
2025-07-26 01:04:13,707 - DEBUG - Saved vanilla segmentation for frame 35
2025-07-26 01:04:25,242 - DEBUG - Saved vanilla segmentation for frame 36
2025-07-26 01:04:36,463 - DEBUG - Saved vanilla segmentation for frame 37
2025-07-26 01:04:48,686 - DEBUG - Saved vanilla segmentation for frame 38
2025-07-26 01:05:00,235 - DEBUG - Saved vanilla segmentation for frame 39
2025-07-26 01:05:12,318 - DEBUG - Saved vanilla segmentation for frame 40
2025-07-26 01:05:14,945 - INFO - Processed frame 40/269
2025-07-26 01:05:23,575 - DEBUG - Saved vanilla segmentation for frame 41
2025-07-26 01:05:35,875 - DEBUG - Saved vanilla segmentation for frame 42
2025-07-26 01:05:49,170 - DEBUG - Saved vanilla segmentation for frame 43
2025-07-26 01:06:00,414 - DEBUG - Saved vanilla segmentation for frame 44
2025-07-26 01:06:11,070 - DEBUG - Saved vanilla segmentation for frame 45
2025-07-26 01:06:24,606 - DEBUG - Saved vanilla segmentation for frame 46
2025-07-26 01:06:37,714 - DEBUG - Saved vanilla segmentation for frame 47
2025-07-26 01:06:48,191 - DEBUG - Saved vanilla segmentation for frame 48
2025-07-26 01:07:00,833 - DEBUG - Saved vanilla segmentation for frame 49
2025-07-26 01:07:11,325 - DEBUG - Saved vanilla segmentation for frame 50
2025-07-26 01:07:14,521 - INFO - Processed frame 50/269
2025-07-26 01:07:21,990 - DEBUG - Saved vanilla segmentation for frame 51
2025-07-26 01:07:32,288 - DEBUG - Saved vanilla segmentation for frame 52
2025-07-26 01:07:42,393 - DEBUG - Saved vanilla segmentation for frame 53
2025-07-26 01:07:52,390 - DEBUG - Saved vanilla segmentation for frame 54
2025-07-26 01:08:02,074 - DEBUG - Saved vanilla segmentation for frame 55
2025-07-26 01:08:12,530 - DEBUG - Saved vanilla segmentation for frame 56
2025-07-26 01:08:20,311 - DEBUG - Saved vanilla segmentation for frame 57
2025-07-26 01:08:32,349 - DEBUG - Saved vanilla segmentation for frame 58
2025-07-26 01:08:42,255 - DEBUG - Saved vanilla segmentation for frame 59
2025-07-26 01:08:53,243 - DEBUG - Saved vanilla segmentation for frame 60
2025-07-26 01:08:55,467 - INFO - Processed frame 60/269
2025-07-26 01:09:02,765 - DEBUG - Saved vanilla segmentation for frame 61
2025-07-26 01:09:13,853 - DEBUG - Saved vanilla segmentation for frame 62
2025-07-26 01:09:28,034 - DEBUG - Saved vanilla segmentation for frame 63
2025-07-26 01:09:39,138 - DEBUG - Saved vanilla segmentation for frame 64
2025-07-26 01:09:48,644 - DEBUG - Saved vanilla segmentation for frame 65
2025-07-26 01:09:59,422 - DEBUG - Saved vanilla segmentation for frame 66
2025-07-26 01:10:12,268 - DEBUG - Saved vanilla segmentation for frame 67
2025-07-26 01:10:23,892 - DEBUG - Saved vanilla segmentation for frame 68
2025-07-26 01:10:32,664 - DEBUG - Saved vanilla segmentation for frame 69
2025-07-26 01:10:42,753 - DEBUG - Saved vanilla segmentation for frame 70
2025-07-26 01:10:45,391 - INFO - Processed frame 70/269
2025-07-26 01:10:52,325 - DEBUG - Saved vanilla segmentation for frame 71
2025-07-26 01:11:02,917 - DEBUG - Saved vanilla segmentation for frame 72
2025-07-26 01:11:12,935 - DEBUG - Saved vanilla segmentation for frame 73
2025-07-26 01:11:24,719 - DEBUG - Saved vanilla segmentation for frame 74
2025-07-26 01:11:34,409 - DEBUG - Saved vanilla segmentation for frame 75
2025-07-26 01:11:43,500 - DEBUG - Saved vanilla segmentation for frame 76
2025-07-26 01:11:51,947 - DEBUG - Saved vanilla segmentation for frame 77
2025-07-26 01:12:00,689 - DEBUG - Saved vanilla segmentation for frame 78
2025-07-26 01:12:11,513 - DEBUG - Saved vanilla segmentation for frame 79
2025-07-26 01:12:13,351 - INFO - Frame 79: Saved blob 1 memory mask to be frozen at /home/projects/bagon/andreyg/Projects/Object_reps_neural/Programming/hugging_face/model_experiments/segformer/exp2TTC_segformer-b1-finetuned-ade-512-512/processed_videos/segformer_model-AConcave_FConcave/frames_masks/mask_memory_blob_1_frame_000079.png
2025-07-26 01:12:22,176 - DEBUG - Saved vanilla segmentation for frame 80
2025-07-26 01:12:23,973 - DEBUG - Frame 80: Blob 1 memory frozen, not updating
2025-07-26 01:12:23,977 - DEBUG - Using frozen mask for blob 1 at frame 80
2025-07-26 01:12:23,990 - DEBUG - Frame 80: Reused frozen blob 1 memory mask
2025-07-26 01:12:24,344 - INFO - Processed frame 80/269
2025-07-26 01:12:28,756 - DEBUG - Saved vanilla segmentation for frame 81
2025-07-26 01:12:31,043 - DEBUG - Frame 81: Blob 1 memory frozen, not updating
2025-07-26 01:12:31,046 - DEBUG - Using frozen mask for blob 1 at frame 81
2025-07-26 01:12:31,059 - DEBUG - Frame 81: Reused frozen blob 1 memory mask
2025-07-26 01:12:37,446 - DEBUG - Saved vanilla segmentation for frame 82
2025-07-26 01:12:39,171 - DEBUG - Frame 82: Blob 1 memory frozen, not updating
2025-07-26 01:12:39,176 - DEBUG - Using frozen mask for blob 1 at frame 82
2025-07-26 01:12:39,192 - DEBUG - Frame 82: Reused frozen blob 1 memory mask
2025-07-26 01:12:47,187 - DEBUG - Saved vanilla segmentation for frame 83
2025-07-26 01:12:49,600 - DEBUG - Frame 83: Blob 1 memory frozen, not updating
2025-07-26 01:12:49,603 - DEBUG - Using frozen mask for blob 1 at frame 83
2025-07-26 01:12:49,615 - DEBUG - Frame 83: Reused frozen blob 1 memory mask
2025-07-26 01:12:59,332 - DEBUG - Saved vanilla segmentation for frame 84
2025-07-26 01:13:01,098 - DEBUG - Frame 84: Blob 1 memory frozen, not updating
2025-07-26 01:13:01,102 - DEBUG - Using frozen mask for blob 1 at frame 84
2025-07-26 01:13:01,115 - DEBUG - Frame 84: Reused frozen blob 1 memory mask
2025-07-26 01:13:10,599 - DEBUG - Saved vanilla segmentation for frame 85
2025-07-26 01:13:12,662 - DEBUG - Frame 85: Blob 1 memory frozen, not updating
2025-07-26 01:13:12,665 - DEBUG - Using frozen mask for blob 1 at frame 85
2025-07-26 01:13:12,678 - DEBUG - Frame 85: Reused frozen blob 1 memory mask
2025-07-26 01:13:19,538 - DEBUG - Saved vanilla segmentation for frame 86
2025-07-26 01:13:21,335 - DEBUG - Frame 86: Blob 1 memory frozen, not updating
2025-07-26 01:13:21,339 - DEBUG - Using frozen mask for blob 1 at frame 86
2025-07-26 01:13:21,353 - DEBUG - Frame 86: Reused frozen blob 1 memory mask
2025-07-26 01:13:29,243 - DEBUG - Saved vanilla segmentation for frame 87
2025-07-26 01:13:31,388 - DEBUG - Frame 87: Blob 1 memory frozen, not updating
2025-07-26 01:13:31,398 - DEBUG - Using frozen mask for blob 1 at frame 87
2025-07-26 01:13:31,421 - DEBUG - Frame 87: Reused frozen blob 1 memory mask
2025-07-26 01:13:39,134 - DEBUG - Saved vanilla segmentation for frame 88
2025-07-26 01:13:40,792 - DEBUG - Frame 88: Blob 1 memory frozen, not updating
2025-07-26 01:13:40,795 - DEBUG - Using frozen mask for blob 1 at frame 88
2025-07-26 01:13:40,808 - DEBUG - Frame 88: Reused frozen blob 1 memory mask
2025-07-26 01:13:51,674 - DEBUG - Saved vanilla segmentation for frame 89
2025-07-26 01:13:53,726 - DEBUG - Frame 89: Blob 1 memory frozen, not updating
2025-07-26 01:13:53,730 - DEBUG - Using frozen mask for blob 1 at frame 89
2025-07-26 01:13:53,743 - DEBUG - Frame 89: Reused frozen blob 1 memory mask
2025-07-26 01:14:01,878 - DEBUG - Saved vanilla segmentation for frame 90
2025-07-26 01:14:03,712 - DEBUG - Frame 90: Blob 1 memory frozen, not updating
2025-07-26 01:14:03,716 - DEBUG - Using frozen mask for blob 1 at frame 90
2025-07-26 01:14:03,732 - DEBUG - Frame 90: Reused frozen blob 1 memory mask
2025-07-26 01:14:04,095 - INFO - Processed frame 90/269
2025-07-26 01:14:11,431 - DEBUG - Saved vanilla segmentation for frame 91
2025-07-26 01:14:13,285 - DEBUG - Frame 91: Blob 1 memory frozen, not updating
2025-07-26 01:14:13,288 - DEBUG - Using frozen mask for blob 1 at frame 91
2025-07-26 01:14:13,302 - DEBUG - Frame 91: Reused frozen blob 1 memory mask
2025-07-26 01:14:20,121 - DEBUG - Saved vanilla segmentation for frame 92
2025-07-26 01:14:22,169 - DEBUG - Frame 92: Blob 1 memory frozen, not updating
2025-07-26 01:14:22,173 - DEBUG - Using frozen mask for blob 1 at frame 92
2025-07-26 01:14:22,192 - DEBUG - Frame 92: Reused frozen blob 1 memory mask
2025-07-26 01:14:28,653 - DEBUG - Saved vanilla segmentation for frame 93
2025-07-26 01:14:30,263 - DEBUG - Frame 93: Blob 1 memory frozen, not updating
2025-07-26 01:14:30,267 - DEBUG - Using frozen mask for blob 1 at frame 93
2025-07-26 01:14:30,286 - DEBUG - Frame 93: Reused frozen blob 1 memory mask
2025-07-26 01:14:38,860 - DEBUG - Saved vanilla segmentation for frame 94
2025-07-26 01:14:41,433 - DEBUG - Frame 94: Blob 1 memory frozen, not updating
2025-07-26 01:14:41,440 - DEBUG - Using frozen mask for blob 1 at frame 94
2025-07-26 01:14:41,459 - DEBUG - Frame 94: Reused frozen blob 1 memory mask
2025-07-26 01:14:48,554 - DEBUG - Saved vanilla segmentation for frame 95
2025-07-26 01:14:50,600 - DEBUG - Frame 95: Blob 1 memory frozen, not updating
2025-07-26 01:14:50,605 - DEBUG - Using frozen mask for blob 1 at frame 95
2025-07-26 01:14:50,621 - DEBUG - Frame 95: Reused frozen blob 1 memory mask
2025-07-26 01:14:57,493 - DEBUG - Saved vanilla segmentation for frame 96
2025-07-26 01:15:00,590 - DEBUG - Frame 96: Blob 1 memory frozen, not updating
2025-07-26 01:15:00,593 - DEBUG - Using frozen mask for blob 1 at frame 96
2025-07-26 01:15:00,606 - DEBUG - Frame 96: Reused frozen blob 1 memory mask
2025-07-26 01:15:08,083 - DEBUG - Saved vanilla segmentation for frame 97
2025-07-26 01:15:09,866 - DEBUG - Frame 97: Blob 1 memory frozen, not updating
2025-07-26 01:15:09,871 - DEBUG - Using frozen mask for blob 1 at frame 97
2025-07-26 01:15:09,891 - DEBUG - Frame 97: Reused frozen blob 1 memory mask
2025-07-26 01:15:18,303 - DEBUG - Saved vanilla segmentation for frame 98
2025-07-26 01:15:20,237 - DEBUG - Frame 98: Blob 1 memory frozen, not updating
2025-07-26 01:15:20,240 - DEBUG - Using frozen mask for blob 1 at frame 98
2025-07-26 01:15:20,254 - DEBUG - Frame 98: Reused frozen blob 1 memory mask
2025-07-26 01:15:29,795 - DEBUG - Saved vanilla segmentation for frame 99
2025-07-26 01:15:31,417 - DEBUG - Frame 99: Blob 1 memory frozen, not updating
2025-07-26 01:15:31,421 - DEBUG - Using frozen mask for blob 1 at frame 99
2025-07-26 01:15:31,434 - DEBUG - Frame 99: Reused frozen blob 1 memory mask
2025-07-26 01:15:39,736 - DEBUG - Saved vanilla segmentation for frame 100
2025-07-26 01:15:41,877 - DEBUG - Frame 100: Blob 1 memory frozen, not updating
2025-07-26 01:15:41,880 - DEBUG - Using frozen mask for blob 1 at frame 100
2025-07-26 01:15:41,893 - DEBUG - Frame 100: Reused frozen blob 1 memory mask
2025-07-26 01:15:42,229 - INFO - Processed frame 100/269
2025-07-26 01:15:46,713 - DEBUG - Saved vanilla segmentation for frame 101
2025-07-26 01:15:48,619 - DEBUG - Frame 101: Blob 1 memory frozen, not updating
2025-07-26 01:15:48,622 - DEBUG - Using frozen mask for blob 1 at frame 101
2025-07-26 01:15:48,634 - DEBUG - Frame 101: Reused frozen blob 1 memory mask
2025-07-26 01:15:58,516 - DEBUG - Saved vanilla segmentation for frame 102
2025-07-26 01:16:00,177 - DEBUG - Frame 102: Blob 1 memory frozen, not updating
2025-07-26 01:16:00,181 - DEBUG - Using frozen mask for blob 1 at frame 102
2025-07-26 01:16:00,208 - DEBUG - Frame 102: Reused frozen blob 1 memory mask
2025-07-26 01:16:07,956 - DEBUG - Saved vanilla segmentation for frame 103
2025-07-26 01:16:09,774 - DEBUG - Frame 103: Blob 1 memory frozen, not updating
2025-07-26 01:16:09,778 - DEBUG - Using frozen mask for blob 1 at frame 103
2025-07-26 01:16:09,790 - DEBUG - Frame 103: Reused frozen blob 1 memory mask
2025-07-26 01:16:19,545 - DEBUG - Saved vanilla segmentation for frame 104
2025-07-26 01:16:21,129 - DEBUG - Frame 104: Blob 1 memory frozen, not updating
2025-07-26 01:16:21,133 - DEBUG - Using frozen mask for blob 1 at frame 104
2025-07-26 01:16:21,145 - DEBUG - Frame 104: Reused frozen blob 1 memory mask
2025-07-26 01:16:29,744 - DEBUG - Saved vanilla segmentation for frame 105
2025-07-26 01:16:31,793 - DEBUG - Frame 105: Blob 1 memory frozen, not updating
2025-07-26 01:16:31,797 - DEBUG - Using frozen mask for blob 1 at frame 105
2025-07-26 01:16:31,810 - DEBUG - Frame 105: Reused frozen blob 1 memory mask
2025-07-26 01:16:40,315 - DEBUG - Saved vanilla segmentation for frame 106
2025-07-26 01:16:42,097 - DEBUG - Frame 106: Blob 1 memory frozen, not updating
2025-07-26 01:16:42,101 - DEBUG - Using frozen mask for blob 1 at frame 106
2025-07-26 01:16:42,114 - DEBUG - Frame 106: Reused frozen blob 1 memory mask
2025-07-26 01:16:50,316 - DEBUG - Saved vanilla segmentation for frame 107
2025-07-26 01:16:52,705 - DEBUG - Frame 107: Blob 1 memory frozen, not updating
2025-07-26 01:16:52,718 - DEBUG - Using frozen mask for blob 1 at frame 107
2025-07-26 01:16:52,747 - DEBUG - Frame 107: Reused frozen blob 1 memory mask
2025-07-26 01:17:00,369 - DEBUG - Saved vanilla segmentation for frame 108
2025-07-26 01:17:02,931 - DEBUG - Frame 108: Blob 1 memory frozen, not updating
2025-07-26 01:17:02,936 - DEBUG - Using frozen mask for blob 1 at frame 108
2025-07-26 01:17:02,961 - DEBUG - Frame 108: Reused frozen blob 1 memory mask
2025-07-26 01:17:11,675 - DEBUG - Saved vanilla segmentation for frame 109
2025-07-26 01:17:15,901 - DEBUG - Frame 109: Blob 1 memory frozen, not updating
2025-07-26 01:17:15,911 - DEBUG - Using frozen mask for blob 1 at frame 109
2025-07-26 01:17:15,940 - DEBUG - Frame 109: Reused frozen blob 1 memory mask
2025-07-26 01:17:25,053 - DEBUG - Saved vanilla segmentation for frame 110
2025-07-26 01:17:27,244 - DEBUG - Frame 110: Blob 1 memory frozen, not updating
2025-07-26 01:17:27,250 - DEBUG - Using frozen mask for blob 1 at frame 110
2025-07-26 01:17:27,268 - DEBUG - Frame 110: Reused frozen blob 1 memory mask
2025-07-26 01:17:27,759 - INFO - Processed frame 110/269
2025-07-26 01:17:35,585 - DEBUG - Saved vanilla segmentation for frame 111
2025-07-26 01:17:38,107 - DEBUG - Frame 111: Blob 1 memory frozen, not updating
2025-07-26 01:17:38,112 - DEBUG - Using frozen mask for blob 1 at frame 111
2025-07-26 01:17:38,125 - DEBUG - Frame 111: Reused frozen blob 1 memory mask
2025-07-26 01:17:47,374 - DEBUG - Saved vanilla segmentation for frame 112
2025-07-26 01:17:49,200 - DEBUG - Frame 112: Blob 1 memory frozen, not updating
2025-07-26 01:17:49,208 - DEBUG - Using frozen mask for blob 1 at frame 112
2025-07-26 01:17:49,247 - DEBUG - Frame 112: Reused frozen blob 1 memory mask
2025-07-26 01:17:59,163 - DEBUG - Saved vanilla segmentation for frame 113
2025-07-26 01:18:01,448 - DEBUG - Frame 113: Blob 1 memory frozen, not updating
2025-07-26 01:18:01,453 - DEBUG - Using frozen mask for blob 1 at frame 113
2025-07-26 01:18:01,467 - DEBUG - Frame 113: Reused frozen blob 1 memory mask
