2025-03-11 02:16:56,755 [INFO] Logging to logs/20250311_021656.log
2025-03-11 02:16:56,755 [INFO] Starting script with arguments:
2025-03-11 02:16:56,755 [INFO]   zip_path=/home/projects/bagon/andreyg/Projects/Object_reps_neural/Programming/detr/DATA_ANALYSIS/data/var_videos_processed_copy.zip
2025-03-11 02:16:56,755 [INFO]   name_mapping=/home/projects/bagon/andreyg/Projects/Object_reps_neural/Programming/detr/EXPERIMENTS/generate_detection_videos_and_meshes/videos_org/name_mapping.json
2025-03-11 02:16:56,755 [INFO]   csv_path=/home/projects/bagon/andreyg/Projects/Object_reps_neural/Programming/detr/DATA_ANALYSIS/data/experiment2-CollisionDetection-Data.csv
2025-03-11 02:16:56,755 [INFO]   iou_step=0.05
2025-03-11 02:16:56,755 [INFO]   fps=60.0
2025-03-11 02:16:56,755 [INFO] Reading name_mapping.json ...
2025-03-11 02:16:56,757 [INFO] Reading CSV data ...
2025-03-11 02:16:56,800 [INFO] Directory temp_zip_extract already exists. Skipping re-extraction.
2025-03-11 02:16:56,803 [INFO] Will evaluate IoU thresholds: [0.05, 0.1, 0.15, 0.2, 0.25, 0.3, 0.35, 0.4, 0.45, 0.5, 0.55, 0.6, 0.65, 0.7, 0.75, 0.8, 0.85, 0.9, 0.95, 1.0]
2025-03-11 02:16:58,484 [INFO] Processing model: variable_pretrained_resnet101
2025-03-11 02:16:58,487 [INFO]   - Creating output for IoU=0.05, total participants: 178
2025-03-11 02:16:58,495 [INFO]      Participant 32bdb577-576a-4db9-99dc-b1ad83d48c73 => 0 matching videos (IoU=0.05). Creating empty plot.
2025-03-11 02:16:58,934 [INFO]      Participant 06e99ddc-f878-4fd7-b106-9ade46fd73e0 => 0 matching videos (IoU=0.05). Creating empty plot.
2025-03-11 02:16:59,182 [INFO]      Participant f5bf3bdb-af0e-4c59-a3bd-19f8e772d4ea => 0 matching videos (IoU=0.05). Creating empty plot.
2025-03-11 02:16:59,429 [INFO]      Participant e9b40d9d-d0ee-4397-af9c-4b05d787bd48 => 0 matching videos (IoU=0.05). Creating empty plot.
2025-03-11 02:16:59,684 [INFO]      Participant 364fb9d9-bc95-478e-9ed6-fae43f5a5013 => 0 matching videos (IoU=0.05). Creating empty plot.
2025-03-11 02:16:59,933 [INFO]      Participant 9f1be8d4-b1d1-4bac-a2c8-e0ed9d326d16 => 0 matching videos (IoU=0.05). Creating empty plot.
2025-03-11 02:17:00,179 [INFO]      Participant 0bd8489d-4430-46a2-8cac-d7602ba48be3 => 0 matching videos (IoU=0.05). Creating empty plot.
2025-03-11 02:17:00,415 [INFO]      Participant e5f754d5-8c14-4741-ae5e-7bd80b440257 => 0 matching videos (IoU=0.05). Creating empty plot.
2025-03-11 02:17:00,670 [INFO]      Participant b4af515d-0931-4fdb-8cab-24a9730134a6 => 0 matching videos (IoU=0.05). Creating empty plot.
2025-03-11 02:17:00,971 [INFO]      Participant bedf1057-bd90-46df-afd3-17d9ae6a3dcf => 0 matching videos (IoU=0.05). Creating empty plot.
2025-03-11 02:17:01,210 [INFO]      Participant 42b811ae-463e-4e6c-99cb-b9c4088ad8ba => 0 matching videos (IoU=0.05). Creating empty plot.
2025-03-11 02:17:01,450 [INFO]      Participant 2221955e-24b4-4b1d-ad07-b966c8378973 => 0 matching videos (IoU=0.05). Creating empty plot.
2025-03-11 02:17:01,688 [INFO]      Participant 82fc2460-2798-4d83-aba5-a525d1c84183 => 0 matching videos (IoU=0.05). Creating empty plot.
2025-03-11 02:17:01,923 [INFO]      Participant 793cbc96-5bff-4a20-b0eb-fcd2fc164c33 => 0 matching videos (IoU=0.05). Creating empty plot.
2025-03-11 02:17:02,164 [INFO]      Participant 4400d309-0aa7-418a-815e-94d48c06b1a1 => 0 matching videos (IoU=0.05). Creating empty plot.
2025-03-11 02:17:02,626 [INFO]      Participant 79f0ff41-7f73-40e6-a009-fd1a6237c022 => 0 matching videos (IoU=0.05). Creating empty plot.
2025-03-11 02:17:02,877 [INFO]      Participant 1112f4da-0eb3-43ae-9f3d-2f0c846d2608 => 0 matching videos (IoU=0.05). Creating empty plot.
2025-03-11 02:17:03,127 [INFO]      Participant 4ede3313-76fb-4f75-9c05-8fedde0808c8 => 0 matching videos (IoU=0.05). Creating empty plot.
2025-03-11 02:17:03,375 [INFO]      Participant 2abfc54f-5505-4bf4-be79-e0f589a6d78d => 0 matching videos (IoU=0.05). Creating empty plot.
2025-03-11 02:17:03,629 [INFO]      Participant ecc59105-d8f8-4729-a8af-91b5618ff1b6 => 0 matching videos (IoU=0.05). Creating empty plot.
2025-03-11 02:17:03,887 [INFO]      Participant 3f2f18d2-4aea-4d0a-b67c-65c3c515c1b8 => 0 matching videos (IoU=0.05). Creating empty plot.
2025-03-11 02:17:04,133 [INFO]      Participant 75b08310-b509-476c-b370-a71655cb7aa8 => 0 matching videos (IoU=0.05). Creating empty plot.
2025-03-11 02:17:04,412 [INFO]      Participant 8d232f83-9988-407d-9491-32fb47d8a149 => 0 matching videos (IoU=0.05). Creating empty plot.
2025-03-11 02:17:04,669 [INFO]      Participant 906b376e-09da-4883-8dbb-287bc338e0a9 => 0 matching videos (IoU=0.05). Creating empty plot.
2025-03-11 02:17:04,907 [INFO]      Participant b37e4994-47c1-4a87-b417-7948d9f7d2c7 => 0 matching videos (IoU=0.05). Creating empty plot.
2025-03-11 02:17:05,159 [INFO]      Participant 1a0b260a-34b7-47c0-9888-139f7124dea8 => 0 matching videos (IoU=0.05). Creating empty plot.
2025-03-11 02:17:05,395 [INFO]      Participant 6dde18cd-7452-4a44-8a09-74f1a669e7ad => 0 matching videos (IoU=0.05). Creating empty plot.
2025-03-11 02:17:05,630 [INFO]      Participant 53f1fbba-90bb-4b00-9052-1106beecb316 => 0 matching videos (IoU=0.05). Creating empty plot.
2025-03-11 02:17:05,874 [INFO]      Participant cbbba6cb-ab9c-45ae-9679-2ce071c34bfc => 0 matching videos (IoU=0.05). Creating empty plot.
2025-03-11 02:17:06,123 [INFO]      Participant 8c4898ff-dcfe-4aef-b9dd-8c06a3b33036 => 0 matching videos (IoU=0.05). Creating empty plot.
2025-03-11 02:17:06,384 [INFO]      Participant ce1f0169-2f78-401c-bc8a-8af16b21b51b => 0 matching videos (IoU=0.05). Creating empty plot.
2025-03-11 02:17:06,636 [INFO]      Participant dfd22ee5-b405-4c13-a7d3-62249d0bac38 => 0 matching videos (IoU=0.05). Creating empty plot.
2025-03-11 02:17:06,959 [INFO]      Participant eb8771fd-6129-4a69-a517-9bd7365621ec => 0 matching videos (IoU=0.05). Creating empty plot.
2025-03-11 02:17:07,202 [INFO]      Participant f35c5374-44e5-4e29-a914-a6f205c0e330 => 0 matching videos (IoU=0.05). Creating empty plot.
2025-03-11 02:17:07,446 [INFO]      Participant 3b662bea-a18f-4438-9797-d3fe4c0c7c10 => 0 matching videos (IoU=0.05). Creating empty plot.
2025-03-11 02:17:07,713 [INFO]      Participant 77e49d7a-d7a9-4a06-9dc6-d4dcce287f4e => 0 matching videos (IoU=0.05). Creating empty plot.
2025-03-11 02:17:07,950 [INFO]      Participant 2f376dda-0eb5-4fad-89e6-42090f9bfda0 => 0 matching videos (IoU=0.05). Creating empty plot.
2025-03-11 02:17:08,197 [INFO]      Participant 22efdf97-f616-4647-a1a0-f314e5f7d9ba => 0 matching videos (IoU=0.05). Creating empty plot.
